11/Jul/2024:01:23:16 -0500 [Info#yesod-core] Application launched @(yesod-core-1.6.25.1-I0jmSUhVY8G8yk3hg6a5Bj:Yesod.Core.Dispatch src\Yesod\Core\Dispatch.hs:188:10)
127.0.0.1 - - [11/Jul/2024:01:23:27 -0500] "GET /yesod HTTP/1.1" 200 87 "" ""
127.0.0.1 - - [11/Jul/2024:01:23:29 -0500] "GET /yesod/csharp HTTP/1.1" 200 21 "" ""
127.0.0.1 - - [11/Jul/2024:01:23:31 -0500] "GET /yesod/cpp HTTP/1.1" 200 22 "" ""
127.0.0.1 - - [11/Jul/2024:01:23:33 -0500] "GET /yesod/cpp/add/1/51 HTTP/1.1" 200 15 "" ""
127.0.0.1 - - [11/Jul/2024:01:23:46 -0500] "GET /yesod/csharp HTTP/1.1" 200 21 "" ""
127.0.0.1 - - [11/Jul/2024:01:23:52 -0500] "GET /yesod HTTP/1.1" 200 87 "" ""
127.0.0.1 - - [11/Jul/2024:01:23:58 -0500] "GET /yesod/cpp/add/0/0 HTTP/1.1" 200 14 "" ""
127.0.0.1 - - [11/Jul/2024:01:24:04 -0500] "GET /yesod/cpp/add/1/-1 HTTP/1.1" 200 14 "" ""
127.0.0.1 - - [11/Jul/2024:01:24:10 -0500] "GET /yesod/cpp/add/0/1 HTTP/1.1" 200 14 "" ""
127.0.0.1 - - [11/Jul/2024:01:24:17 -0500] "GET /yesod/cpp/add/-1/-2 HTTP/1.1" 200 15 "" ""
127.0.0.1 - - [11/Jul/2024:01:24:23 -0500] "GET /yesod/cpp/add/-1/-3 HTTP/1.1" 200 15 "" ""
11/Jul/2024:01:25:12 -0500 [Info#yesod-core] Application launched @(yesod-core-1.6.25.1-I0jmSUhVY8G8yk3hg6a5Bj:Yesod.Core.Dispatch src\Yesod\Core\Dispatch.hs:188:10)
127.0.0.1 - - [11/Jul/2024:01:25:24 -0500] "GET /yesod HTTP/1.1" 200 87 "" ""
127.0.0.1 - - [11/Jul/2024:01:25:27 -0500] "GET /yesod/csharp HTTP/1.1" 200 21 "" ""
127.0.0.1 - - [11/Jul/2024:01:25:29 -0500] "GET /yesod/cpp HTTP/1.1" 200 22 "" ""
127.0.0.1 - - [11/Jul/2024:01:25:31 -0500] "GET /yesod/cpp/add/1/51 HTTP/1.1" 200 15 "" ""
127.0.0.1 - - [11/Jul/2024:01:25:43 -0500] "GET /yesod/csharp HTTP/1.1" 200 21 "" ""
127.0.0.1 - - [11/Jul/2024:01:25:49 -0500] "GET /yesod HTTP/1.1" 200 87 "" ""
127.0.0.1 - - [11/Jul/2024:01:25:55 -0500] "GET /yesod/cpp/add/0/0 HTTP/1.1" 200 14 "" ""
127.0.0.1 - - [11/Jul/2024:01:26:01 -0500] "GET /yesod/cpp/add/-1/1 HTTP/1.1" 200 14 "" ""
127.0.0.1 - - [11/Jul/2024:01:26:08 -0500] "GET /yesod/cpp/add/0/-2 HTTP/1.1" 200 15 "" ""
127.0.0.1 - - [11/Jul/2024:01:26:14 -0500] "GET /yesod/cpp/add/2/-2 HTTP/1.1" 200 14 "" ""
127.0.0.1 - - [11/Jul/2024:01:26:20 -0500] "GET /yesod/cpp/add/0/-4 HTTP/1.1" 200 15 "" ""
